// Jest Snapshot v1, https://goo.gl/fbAQLP

exports[`should render component correctly 1`] = `
Object {
  "asFragment": [Function],
  "baseElement": <body>
    <div>
      <div
        class="input-group input-group-sm mb-3"
      >
        <div
          class="input-group-prepend"
        >
          <span
            class="input-group-text"
            id="inputGroup-sizing-sm"
          >
            mockLabel
          </span>
        </div>
        <select
          aria-label="Default select example"
          class="form-select"
          data-testid="connectedDropdown"
        >
          <option
            value=""
          >
            --Select--
          </option>
          <option
            value="mockValue"
          >
            mockText
          </option>
        </select>
      </div>
    </div>
  </body>,
  "container": <div>
    <div
      class="input-group input-group-sm mb-3"
    >
      <div
        class="input-group-prepend"
      >
        <span
          class="input-group-text"
          id="inputGroup-sizing-sm"
        >
          mockLabel
        </span>
      </div>
      <select
        aria-label="Default select example"
        class="form-select"
        data-testid="connectedDropdown"
      >
        <option
          value=""
        >
          --Select--
        </option>
        <option
          value="mockValue"
        >
          mockText
        </option>
      </select>
    </div>
  </div>,
  "debug": [Function],
  "findAllByAltText": [Function],
  "findAllByDisplayValue": [Function],
  "findAllByLabelText": [Function],
  "findAllByPlaceholderText": [Function],
  "findAllByRole": [Function],
  "findAllByTestId": [Function],
  "findAllByText": [Function],
  "findAllByTitle": [Function],
  "findByAltText": [Function],
  "findByDisplayValue": [Function],
  "findByLabelText": [Function],
  "findByPlaceholderText": [Function],
  "findByRole": [Function],
  "findByTestId": [Function],
  "findByText": [Function],
  "findByTitle": [Function],
  "getAllByAltText": [Function],
  "getAllByDisplayValue": [Function],
  "getAllByLabelText": [Function],
  "getAllByPlaceholderText": [Function],
  "getAllByRole": [Function],
  "getAllByTestId": [Function],
  "getAllByText": [Function],
  "getAllByTitle": [Function],
  "getByAltText": [Function],
  "getByDisplayValue": [Function],
  "getByLabelText": [Function],
  "getByPlaceholderText": [Function],
  "getByRole": [Function],
  "getByTestId": [Function],
  "getByText": [Function],
  "getByTitle": [Function],
  "queryAllByAltText": [Function],
  "queryAllByDisplayValue": [Function],
  "queryAllByLabelText": [Function],
  "queryAllByPlaceholderText": [Function],
  "queryAllByRole": [Function],
  "queryAllByTestId": [Function],
  "queryAllByText": [Function],
  "queryAllByTitle": [Function],
  "queryByAltText": [Function],
  "queryByDisplayValue": [Function],
  "queryByLabelText": [Function],
  "queryByPlaceholderText": [Function],
  "queryByRole": [Function],
  "queryByTestId": [Function],
  "queryByText": [Function],
  "queryByTitle": [Function],
  "rerender": [Function],
  "unmount": [Function],
}
`;
